[341C:9EDC][2026-06-19T21:36:06]i001: Burn v3.14.1.8722, Windows v10.0 (Build 26200: Service Pack 0), path: C:\Users\MATT\AppData\Local\Temp\{677ACC42-068B-4335-9D2A-1472F7706124}\.cr\python-3.12.10-amd64.exe
[341C:9EDC][2026-06-19T21:36:06]i000: Initializing string variable 'ActionLikeInstalling' to value 'Installing'
[341C:9EDC][2026-06-19T21:36:06]i000: Initializing string variable 'ActionLikeInstallation' to value 'Setup'
[341C:9EDC][2026-06-19T21:36:06]i000: Initializing string variable 'ShortVersion' to value '3.12'
[341C:9EDC][2026-06-19T21:36:06]i000: Initializing numeric variable 'ShortVersionNoDot' to value '312'
[341C:9EDC][2026-06-19T21:36:06]i000: Initializing string variable 'WinVer' to value '3.12'
[341C:9EDC][2026-06-19T21:36:06]i000: Initializing numeric variable 'WinVerNoDot' to value '312'
[341C:9EDC][2026-06-19T21:36:06]i000: Initializing numeric variable 'InstallAllUsers' to value '0'
[341C:9EDC][2026-06-19T21:36:06]i000: Initializing numeric variable 'InstallLauncherAllUsers' to value '-1'
[341C:9EDC][2026-06-19T21:36:06]i000: Initializing string variable 'TargetDir' to value ''
[341C:9EDC][2026-06-19T21:36:06]i000: Initializing string variable 'DefaultAllUsersTargetDir' to value '[ProgramFiles64Folder]Python[WinVerNoDot]'
[341C:9EDC][2026-06-19T21:36:06]i000: Initializing string variable 'TargetPlatform' to value 'x64'
[341C:9EDC][2026-06-19T21:36:06]i000: Initializing string variable 'DefaultJustForMeTargetDir' to value '[LocalAppDataFolder]Programs\Python\Python[WinVerNoDot]'
[341C:9EDC][2026-06-19T21:36:06]i000: Initializing string variable 'OptionalFeaturesRegistryKey' to value 'Software\Python\PythonCore\[WinVer]\InstalledFeatures'
[341C:9EDC][2026-06-19T21:36:06]i000: Initializing string variable 'TargetDirRegistryKey' to value 'Software\Python\PythonCore\[WinVer]\InstallPath'
[341C:9EDC][2026-06-19T21:36:06]i000: Initializing string variable 'DefaultCustomTargetDir' to value ''
[341C:9EDC][2026-06-19T21:36:06]i000: Initializing string variable 'InstallAllUsersState' to value 'enabled'
[341C:9EDC][2026-06-19T21:36:06]i000: Initializing string variable 'InstallLauncherAllUsersState' to value 'enabled'
[341C:9EDC][2026-06-19T21:36:06]i000: Initializing string variable 'CustomInstallLauncherAllUsersState' to value '[InstallLauncherAllUsersState]'
[341C:9EDC][2026-06-19T21:36:06]i000: Initializing string variable 'TargetDirState' to value 'enabled'
[341C:9EDC][2026-06-19T21:36:06]i000: Initializing string variable 'CustomBrowseButtonState' to value 'enabled'
[341C:9EDC][2026-06-19T21:36:06]i000: Initializing numeric variable 'Include_core' to value '1'
[341C:9EDC][2026-06-19T21:36:06]i000: Initializing numeric variable 'Include_exe' to value '1'
[341C:9EDC][2026-06-19T21:36:06]i000: Initializing numeric variable 'Include_dev' to value '1'
[341C:9EDC][2026-06-19T21:36:06]i000: Initializing numeric variable 'Include_lib' to value '1'
[341C:9EDC][2026-06-19T21:36:06]i000: Initializing numeric variable 'Include_test' to value '1'
[341C:9EDC][2026-06-19T21:36:06]i000: Initializing numeric variable 'Include_doc' to value '1'
[341C:9EDC][2026-06-19T21:36:06]i000: Initializing numeric variable 'Include_tools' to value '0'
[341C:9EDC][2026-06-19T21:36:06]i000: Initializing numeric variable 'Include_tcltk' to value '1'
[341C:9EDC][2026-06-19T21:36:06]i000: Initializing numeric variable 'Include_pip' to value '1'
[341C:9EDC][2026-06-19T21:36:06]i000: Initializing numeric variable 'Include_launcher' to value '-1'
[341C:9EDC][2026-06-19T21:36:06]i000: Initializing string variable 'Include_launcherState' to value 'enabled'
[341C:9EDC][2026-06-19T21:36:06]i000: Initializing numeric variable 'Include_symbols' to value '0'
[341C:9EDC][2026-06-19T21:36:06]i000: Initializing numeric variable 'Include_debug' to value '0'
[341C:9EDC][2026-06-19T21:36:06]i000: Initializing numeric variable 'LauncherOnly' to value '0'
[341C:9EDC][2026-06-19T21:36:06]i000: Initializing numeric variable 'BlockedLauncher' to value '0'
[341C:9EDC][2026-06-19T21:36:06]i000: Initializing numeric variable 'DetectedLauncher' to value '0'
[341C:9EDC][2026-06-19T21:36:06]i000: Initializing numeric variable 'DetectedOldLauncher' to value '0'
[341C:9EDC][2026-06-19T21:36:06]i000: Initializing numeric variable 'AssociateFiles' to value '-1'
[341C:9EDC][2026-06-19T21:36:06]i000: Initializing numeric variable 'Shortcuts' to value '1'
[341C:9EDC][2026-06-19T21:36:06]i000: Initializing numeric variable 'PrependPath' to value '0'
[341C:9EDC][2026-06-19T21:36:06]i000: Initializing numeric variable 'AppendPath' to value '0'
[341C:9EDC][2026-06-19T21:36:06]i000: Initializing numeric variable 'CompileAll' to value '0'
[341C:9EDC][2026-06-19T21:36:06]i000: Initializing numeric variable 'SimpleInstall' to value '0'
[341C:9EDC][2026-06-19T21:36:06]i000: Initializing string variable 'SimpleInstallDescription' to value ''
[341C:9EDC][2026-06-19T21:36:06]i009: Command Line: '-burn.clean.room=C:\Users\MATT\AppData\Local\Temp\python-3.12.10-amd64.exe -burn.filehandle.attached=680 -burn.filehandle.self=816 /quiet InstallAllUsers=0 PrependPath=1 Include_pip=1 Include_launcher=1 /log %TEMP%\python-install.log'
[341C:9EDC][2026-06-19T21:36:06]i000: Setting string variable 'WixBundleOriginalSource' to value 'C:\Users\MATT\AppData\Local\Temp\python-3.12.10-amd64.exe'
[341C:9EDC][2026-06-19T21:36:06]i000: Setting string variable 'WixBundleOriginalSourceFolder' to value 'C:\Users\MATT\AppData\Local\Temp\'
[341C:9EDC][2026-06-19T21:36:06]i000: Setting string variable 'WixBundleLog' to value 'C:\Users\MATT\Desktop\Mingle\iMile\%TEMP%\python-install.log'
[341C:9EDC][2026-06-19T21:36:06]i000: Setting string variable 'WixBundleManufacturer' to value 'Python Software Foundation'
[341C:9EDC][2026-06-19T21:36:06]i000: Setting numeric variable 'CRTInstalled' to value 1
[341C:A488][2026-06-19T21:36:06]i000: Loading state of optional features
[341C:A488][2026-06-19T21:36:06]i000: Setting numeric variable 'Include_debug' to value 0
[341C:A488][2026-06-19T21:36:06]i000: Setting numeric variable 'Include_symbols' to value 0
[341C:A488][2026-06-19T21:36:06]i000: Setting numeric variable 'Include_dev' to value 1
[341C:A488][2026-06-19T21:36:06]i000: Setting numeric variable 'Include_doc' to value 1
[341C:A488][2026-06-19T21:36:06]i000: Setting numeric variable 'Include_exe' to value 1
[341C:A488][2026-06-19T21:36:06]i000: Setting numeric variable 'Include_lib' to value 1
[341C:A488][2026-06-19T21:36:06]i000: Setting numeric variable 'PrependPath' to value 1
[341C:A488][2026-06-19T21:36:06]i000: Setting numeric variable 'AppendPath' to value 0
[341C:A488][2026-06-19T21:36:06]i000: Setting numeric variable 'Include_pip' to value 1
[341C:A488][2026-06-19T21:36:06]i000: Setting numeric variable 'Include_tcltk' to value 1
[341C:A488][2026-06-19T21:36:06]i000: Setting numeric variable 'Include_test' to value 1
[341C:A488][2026-06-19T21:36:06]i000: Setting numeric variable 'Include_tools' to value 0
[341C:A488][2026-06-19T21:36:06]i000: Setting numeric variable 'Shortcuts' to value 1
[341C:A488][2026-06-19T21:36:06]i000: Setting string variable 'InstallAllUsersState' to value 'disable'
[341C:A488][2026-06-19T21:36:06]i000: Setting string variable 'TargetDir' to value 'C:\Users\MATT\AppData\Local\Programs\Python\Python312\'
[341C:A488][2026-06-19T21:36:06]i000: Did not find C:\Users\MATT\AppData\Local\Temp\unattend.xml
[341C:A488][2026-06-19T21:36:06]i000: Setting numeric variable 'InstallAllUsers' to value 0
[341C:A488][2026-06-19T21:36:06]i000: Setting numeric variable 'PrependPath' to value 1
[341C:A488][2026-06-19T21:36:06]i000: Setting numeric variable 'Include_pip' to value 1
[341C:A488][2026-06-19T21:36:06]i000: Setting numeric variable 'Include_launcher' to value 1
[341C:A488][2026-06-19T21:36:06]i000: Setting string variable 'ActionLikeInstalling' to value 'Updating'
[341C:A488][2026-06-19T21:36:06]i000: Setting string variable 'ActionLikeInstallation' to value 'Modify'
[341C:A488][2026-06-19T21:36:06]i000: Setting version variable 'WixBundleFileVersion' to value '3.12.10150.0'
[341C:A488][2026-06-19T21:36:07]i000: Target OS is Windows 10 or later
[341C:9EDC][2026-06-19T21:36:07]i100: Detect begin, 52 packages
[341C:9EDC][2026-06-19T21:36:07]i103: Detected related package: {8BD92A0F-740C-4356-B64B-17BE20B17A04}, scope: PerMachine, version: 3.13.4150.0, language: 0 operation: Downgrade
[341C:9EDC][2026-06-19T21:36:07]i000: Detected existing launcher install
[341C:9EDC][2026-06-19T21:36:07]i000: Setting numeric variable 'DetectedLauncher' to value 1
[341C:9EDC][2026-06-19T21:36:07]e000: Higher version launcher has been detected.
[341C:9EDC][2026-06-19T21:36:07]e000: Launcher will not be installed
[341C:9EDC][2026-06-19T21:36:07]i000: Setting numeric variable 'BlockedLauncher' to value 1
[341C:9EDC][2026-06-19T21:36:07]i103: Detected related package: {8BD92A0F-740C-4356-B64B-17BE20B17A04}, scope: PerMachine, version: 3.13.4150.0, language: 0 operation: Downgrade
[341C:9EDC][2026-06-19T21:36:07]i101: Detected package: ucrt_AllUsers, state: Absent, cached: None
[341C:9EDC][2026-06-19T21:36:07]i101: Detected package: ucrt_JustForMe, state: Absent, cached: None
[341C:9EDC][2026-06-19T21:36:07]i101: Detected package: core_AllUsers, state: Absent, cached: None
[341C:9EDC][2026-06-19T21:36:07]i101: Detected package: core_AllUsers_pdb, state: Absent, cached: None
[341C:9EDC][2026-06-19T21:36:07]i101: Detected package: core_AllUsers_d, state: Absent, cached: None
[341C:9EDC][2026-06-19T21:36:07]i101: Detected package: core_JustForMe, state: Present, cached: Complete
[341C:9EDC][2026-06-19T21:36:07]i101: Detected package: core_JustForMe_pdb, state: Absent, cached: None
[341C:9EDC][2026-06-19T21:36:07]i101: Detected package: core_JustForMe_d, state: Absent, cached: None
[341C:9EDC][2026-06-19T21:36:07]i101: Detected package: exe_AllUsers, state: Absent, cached: None
[341C:9EDC][2026-06-19T21:36:07]i104: Detected package: exe_AllUsers, feature: DefaultFeature, state: Absent
[341C:9EDC][2026-06-19T21:36:07]i104: Detected package: exe_AllUsers, feature: Shortcuts, state: Absent
[341C:9EDC][2026-06-19T21:36:07]i101: Detected package: exe_AllUsers_pdb, state: Absent, cached: None
[341C:9EDC][2026-06-19T21:36:07]i101: Detected package: exe_AllUsers_d, state: Absent, cached: None
[341C:9EDC][2026-06-19T21:36:07]i101: Detected package: exe_JustForMe, state: Present, cached: Complete
[341C:9EDC][2026-06-19T21:36:07]i104: Detected package: exe_JustForMe, feature: DefaultFeature, state: Local
[341C:9EDC][2026-06-19T21:36:07]i104: Detected package: exe_JustForMe, feature: Shortcuts, state: Local
[341C:9EDC][2026-06-19T21:36:07]i101: Detected package: exe_JustForMe_pdb, state: Absent, cached: None
[341C:9EDC][2026-06-19T21:36:07]i101: Detected package: exe_JustForMe_d, state: Absent, cached: None
[341C:9EDC][2026-06-19T21:36:07]i101: Detected package: dev_AllUsers, state: Absent, cached: None
[341C:9EDC][2026-06-19T21:36:07]i101: Detected package: dev_AllUsers_d, state: Absent, cached: None
[341C:9EDC][2026-06-19T21:36:07]i101: Detected package: dev_JustForMe, state: Present, cached: Complete
[341C:9EDC][2026-06-19T21:36:07]i101: Detected package: dev_JustForMe_d, state: Absent, cached: None
[341C:9EDC][2026-06-19T21:36:07]i101: Detected package: lib_AllUsers, state: Absent, cached: None
[341C:9EDC][2026-06-19T21:36:07]i101: Detected package: lib_AllUsers_pdb, state: Absent, cached: None
[341C:9EDC][2026-06-19T21:36:07]i101: Detected package: lib_AllUsers_d, state: Absent, cached: None
[341C:9EDC][2026-06-19T21:36:07]i101: Detected package: lib_JustForMe, state: Present, cached: Complete
[341C:9EDC][2026-06-19T21:36:07]i101: Detected package: lib_JustForMe_pdb, state: Absent, cached: None
[341C:9EDC][2026-06-19T21:36:07]i101: Detected package: lib_JustForMe_d, state: Absent, cached: None
[341C:9EDC][2026-06-19T21:36:07]i101: Detected package: test_AllUsers, state: Absent, cached: None
[341C:9EDC][2026-06-19T21:36:07]i101: Detected package: test_AllUsers_pdb, state: Absent, cached: None
[341C:9EDC][2026-06-19T21:36:07]i101: Detected package: test_AllUsers_d, state: Absent, cached: None
[341C:9EDC][2026-06-19T21:36:07]i101: Detected package: test_JustForMe, state: Present, cached: Complete
[341C:9EDC][2026-06-19T21:36:07]i101: Detected package: test_JustForMe_pdb, state: Absent, cached: None
[341C:9EDC][2026-06-19T21:36:07]i101: Detected package: test_JustForMe_d, state: Absent, cached: None
[341C:9EDC][2026-06-19T21:36:07]i101: Detected package: doc_AllUsers, state: Absent, cached: None
[341C:9EDC][2026-06-19T21:36:07]i104: Detected package: doc_AllUsers, feature: DefaultFeature, state: Absent
[341C:9EDC][2026-06-19T21:36:07]i104: Detected package: doc_AllUsers, feature: Shortcuts, state: Absent
[341C:9EDC][2026-06-19T21:36:07]i101: Detected package: doc_JustForMe, state: Present, cached: Complete
[341C:9EDC][2026-06-19T21:36:07]i104: Detected package: doc_JustForMe, feature: DefaultFeature, state: Local
[341C:9EDC][2026-06-19T21:36:07]i104: Detected package: doc_JustForMe, feature: Shortcuts, state: Local
[341C:9EDC][2026-06-19T21:36:07]i101: Detected package: tcltk_AllUsers, state: Absent, cached: None
[341C:9EDC][2026-06-19T21:36:07]i104: Detected package: tcltk_AllUsers, feature: DefaultFeature, state: Absent
[341C:9EDC][2026-06-19T21:36:07]i104: Detected package: tcltk_AllUsers, feature: AssociateFiles, state: Absent
[341C:9EDC][2026-06-19T21:36:07]i104: Detected package: tcltk_AllUsers, feature: Shortcuts, state: Absent
[341C:9EDC][2026-06-19T21:36:07]i101: Detected package: tcltk_AllUsers_pdb, state: Absent, cached: None
[341C:9EDC][2026-06-19T21:36:07]i104: Detected package: tcltk_AllUsers_pdb, feature: Symbols, state: Absent
[341C:9EDC][2026-06-19T21:36:07]i101: Detected package: tcltk_AllUsers_d, state: Absent, cached: None
[341C:9EDC][2026-06-19T21:36:07]i104: Detected package: tcltk_AllUsers_d, feature: DebugBinaries, state: Absent
[341C:9EDC][2026-06-19T21:36:07]i101: Detected package: tcltk_JustForMe, state: Present, cached: Complete
[341C:9EDC][2026-06-19T21:36:07]i104: Detected package: tcltk_JustForMe, feature: DefaultFeature, state: Local
[341C:9EDC][2026-06-19T21:36:07]i104: Detected package: tcltk_JustForMe, feature: AssociateFiles, state: Local
[341C:9EDC][2026-06-19T21:36:07]i104: Detected package: tcltk_JustForMe, feature: Shortcuts, state: Local
[341C:9EDC][2026-06-19T21:36:07]i101: Detected package: tcltk_JustForMe_pdb, state: Absent, cached: None
[341C:9EDC][2026-06-19T21:36:07]i104: Detected package: tcltk_JustForMe_pdb, feature: Symbols, state: Absent
[341C:9EDC][2026-06-19T21:36:07]i101: Detected package: tcltk_JustForMe_d, state: Absent, cached: None
[341C:9EDC][2026-06-19T21:36:07]i104: Detected package: tcltk_JustForMe_d, feature: DebugBinaries, state: Absent
[341C:9EDC][2026-06-19T21:36:07]i101: Detected package: launcher_AllUsers, state: Obsolete, cached: None
[341C:9EDC][2026-06-19T21:36:07]i104: Detected package: launcher_AllUsers, feature: DefaultFeature, state: Absent
[341C:9EDC][2026-06-19T21:36:07]i104: Detected package: launcher_AllUsers, feature: AssociateFiles, state: Absent
[341C:9EDC][2026-06-19T21:36:07]i101: Detected package: launcher_JustForMe, state: Obsolete, cached: None
[341C:9EDC][2026-06-19T21:36:07]i104: Detected package: launcher_JustForMe, feature: DefaultFeature, state: Absent
[341C:9EDC][2026-06-19T21:36:07]i104: Detected package: launcher_JustForMe, feature: AssociateFiles, state: Absent
[341C:9EDC][2026-06-19T21:36:07]i101: Detected package: pip_AllUsers, state: Absent, cached: None
[341C:9EDC][2026-06-19T21:36:07]i101: Detected package: pip_JustForMe, state: Present, cached: Complete
[341C:9EDC][2026-06-19T21:36:07]i101: Detected package: path_AllUsers, state: Absent, cached: None
[341C:9EDC][2026-06-19T21:36:07]i101: Detected package: path_JustForMe, state: Present, cached: Complete
[341C:9EDC][2026-06-19T21:36:07]i101: Detected package: appendpath_AllUsers, state: Absent, cached: None
[341C:9EDC][2026-06-19T21:36:07]i101: Detected package: appendpath_JustForMe, state: Absent, cached: None
[341C:9EDC][2026-06-19T21:36:07]i101: Detected package: compileall_AllUsers, state: Absent, cached: None
[341C:9EDC][2026-06-19T21:36:07]i101: Detected package: compileallO_AllUsers, state: Absent, cached: None
[341C:9EDC][2026-06-19T21:36:07]i101: Detected package: compileallOO_AllUsers, state: Absent, cached: None
[341C:9EDC][2026-06-19T21:36:07]i101: Detected package: compileall_JustForMe, state: Absent, cached: None
[341C:9EDC][2026-06-19T21:36:07]i101: Detected package: compileallO_JustForMe, state: Absent, cached: None
[341C:9EDC][2026-06-19T21:36:07]i101: Detected package: compileallOO_JustForMe, state: Absent, cached: None
[341C:9EDC][2026-06-19T21:36:07]i000: Setting numeric variable 'Include_launcher' to value 0
[341C:9EDC][2026-06-19T21:36:07]i000: Setting numeric variable 'InstallLauncherAllUsers' to value 0
[341C:9EDC][2026-06-19T21:36:07]i000: Setting string variable 'InstallLauncherAllUsersState' to value 'disable'
[341C:9EDC][2026-06-19T21:36:07]i000: Setting string variable 'Include_launcherState' to value 'disable'
[341C:9EDC][2026-06-19T21:36:07]i199: Detect complete, result: 0x0
[341C:A488][2026-06-19T21:36:07]i000: Setting string variable 'ActionLikeInstalling' to value 'Updating'
[341C:A488][2026-06-19T21:36:07]i000: Setting string variable 'ActionLikeInstallation' to value 'Modify'
[341C:9EDC][2026-06-19T21:36:07]i200: Plan begin, 52 packages, action: Modify
[341C:9EDC][2026-06-19T21:36:07]i052: Condition 'InstallAllUsers and not CRTInstalled and (Include_core or Include_exe or Include_pip) and not LauncherOnly' evaluates to false.
[341C:9EDC][2026-06-19T21:36:07]i052: Condition 'InstallAllUsers and not CRTInstalled and (Include_core or Include_exe or Include_pip) and not LauncherOnly' evaluates to false.
[341C:9EDC][2026-06-19T21:36:07]w322: Skipping cross-scope dependency registration on package: ucrt_AllUsers, bundle scope: PerUser, package scope: PerMachine
[341C:9EDC][2026-06-19T21:36:07]i052: Condition 'not InstallAllUsers and not CRTInstalled and (Include_core or Include_exe or Include_pip) and not LauncherOnly' evaluates to false.
[341C:9EDC][2026-06-19T21:36:07]i052: Condition 'not InstallAllUsers and not CRTInstalled and (Include_core or Include_exe or Include_pip) and not LauncherOnly' evaluates to false.
[341C:9EDC][2026-06-19T21:36:07]i052: Condition 'InstallAllUsers and (Include_core or Include_exe or Include_launcher or Include_pip) and not LauncherOnly' evaluates to false.
[341C:9EDC][2026-06-19T21:36:07]i052: Condition 'InstallAllUsers and (Include_core or Include_exe or Include_launcher or Include_pip) and not LauncherOnly' evaluates to false.
[341C:9EDC][2026-06-19T21:36:07]w322: Skipping cross-scope dependency registration on package: core_AllUsers, bundle scope: PerUser, package scope: PerMachine
[341C:9EDC][2026-06-19T21:36:07]i052: Condition 'InstallAllUsers and (Include_core or Include_exe or Include_launcher or Include_pip) and Include_symbols and not LauncherOnly' evaluates to false.
[341C:9EDC][2026-06-19T21:36:07]i052: Condition 'InstallAllUsers and (Include_core or Include_exe or Include_launcher or Include_pip) and Include_symbols and not LauncherOnly' evaluates to false.
[341C:9EDC][2026-06-19T21:36:07]w322: Skipping cross-scope dependency registration on package: core_AllUsers_pdb, bundle scope: PerUser, package scope: PerMachine
[341C:9EDC][2026-06-19T21:36:07]i052: Condition 'InstallAllUsers and (Include_core or Include_exe or Include_launcher or Include_pip) and Include_debug and not LauncherOnly' evaluates to false.
[341C:9EDC][2026-06-19T21:36:07]i052: Condition 'InstallAllUsers and (Include_core or Include_exe or Include_launcher or Include_pip) and Include_debug and not LauncherOnly' evaluates to false.
[341C:9EDC][2026-06-19T21:36:07]w322: Skipping cross-scope dependency registration on package: core_AllUsers_d, bundle scope: PerUser, package scope: PerMachine
[341C:9EDC][2026-06-19T21:36:07]i052: Condition 'not InstallAllUsers and (Include_core or Include_exe or Include_launcher or Include_pip) and not LauncherOnly' evaluates to true.
[341C:9EDC][2026-06-19T21:36:07]i052: Condition 'not InstallAllUsers and (Include_core or Include_exe or Include_launcher or Include_pip) and not LauncherOnly' evaluates to true.
[341C:9EDC][2026-06-19T21:36:07]i052: Condition 'not InstallAllUsers and (Include_core or Include_exe or Include_launcher or Include_pip) and Include_symbols and not LauncherOnly' evaluates to false.
[341C:9EDC][2026-06-19T21:36:07]i052: Condition 'not InstallAllUsers and (Include_core or Include_exe or Include_launcher or Include_pip) and Include_symbols and not LauncherOnly' evaluates to false.
[341C:9EDC][2026-06-19T21:36:07]i052: Condition 'not InstallAllUsers and (Include_core or Include_exe or Include_launcher or Include_pip) and Include_debug and not LauncherOnly' evaluates to false.
[341C:9EDC][2026-06-19T21:36:07]i052: Condition 'not InstallAllUsers and (Include_core or Include_exe or Include_launcher or Include_pip) and Include_debug and not LauncherOnly' evaluates to false.
[341C:9EDC][2026-06-19T21:36:07]i052: Condition 'InstallAllUsers and (Include_exe or Include_launcher or Include_pip) and not LauncherOnly' evaluates to false.
[341C:9EDC][2026-06-19T21:36:07]i052: Condition 'InstallAllUsers and (Include_exe or Include_launcher or Include_pip) and not LauncherOnly' evaluates to false.
[341C:9EDC][2026-06-19T21:36:07]i204: Plan 2 msi features for package: exe_AllUsers
[341C:9EDC][2026-06-19T21:36:07]i203: Planned feature: DefaultFeature, state: Absent, default requested: Unknown, ba requested: Local, execute action: AddLocal, rollback action: Remove
[341C:9EDC][2026-06-19T21:36:07]i203: Planned feature: Shortcuts, state: Absent, default requested: Unknown, ba requested: Local, execute action: AddLocal, rollback action: Remove
[341C:9EDC][2026-06-19T21:36:07]w322: Skipping cross-scope dependency registration on package: exe_AllUsers, bundle scope: PerUser, package scope: PerMachine
[341C:9EDC][2026-06-19T21:36:07]i052: Condition 'InstallAllUsers and (Include_exe or Include_launcher or Include_pip) and Include_symbols and not LauncherOnly' evaluates to false.
[341C:9EDC][2026-06-19T21:36:07]i052: Condition 'InstallAllUsers and (Include_exe or Include_launcher or Include_pip) and Include_symbols and not LauncherOnly' evaluates to false.
[341C:9EDC][2026-06-19T21:36:07]w322: Skipping cross-scope dependency registration on package: exe_AllUsers_pdb, bundle scope: PerUser, package scope: PerMachine
[341C:9EDC][2026-06-19T21:36:07]i052: Condition 'InstallAllUsers and (Include_exe or Include_launcher or Include_pip) and Include_debug and not LauncherOnly' evaluates to false.
[341C:9EDC][2026-06-19T21:36:07]i052: Condition 'InstallAllUsers and (Include_exe or Include_launcher or Include_pip) and Include_debug and not LauncherOnly' evaluates to false.
[341C:9EDC][2026-06-19T21:36:07]w322: Skipping cross-scope dependency registration on package: exe_AllUsers_d, bundle scope: PerUser, package scope: PerMachine
[341C:9EDC][2026-06-19T21:36:07]i052: Condition 'not InstallAllUsers and (Include_exe or Include_launcher or Include_pip) and not LauncherOnly' evaluates to true.
[341C:9EDC][2026-06-19T21:36:07]i052: Condition 'not InstallAllUsers and (Include_exe or Include_launcher or Include_pip) and not LauncherOnly' evaluates to true.
[341C:9EDC][2026-06-19T21:36:07]i204: Plan 2 msi features for package: exe_JustForMe
[341C:9EDC][2026-06-19T21:36:07]i203: Planned feature: DefaultFeature, state: Local, default requested: Unknown, ba requested: Local, execute action: None, rollback action: None
[341C:9EDC][2026-06-19T21:36:07]i203: Planned feature: Shortcuts, state: Local, default requested: Unknown, ba requested: Local, execute action: None, rollback action: None
[341C:9EDC][2026-06-19T21:36:07]i052: Condition 'not InstallAllUsers and (Include_exe or Include_launcher or Include_pip) and Include_symbols and not LauncherOnly' evaluates to false.
[341C:9EDC][2026-06-19T21:36:07]i052: Condition 'not InstallAllUsers and (Include_exe or Include_launcher or Include_pip) and Include_symbols and not LauncherOnly' evaluates to false.
[341C:9EDC][2026-06-19T21:36:07]i052: Condition 'not InstallAllUsers and (Include_exe or Include_launcher or Include_pip) and Include_debug and not LauncherOnly' evaluates to false.
[341C:9EDC][2026-06-19T21:36:07]i052: Condition 'not InstallAllUsers and (Include_exe or Include_launcher or Include_pip) and Include_debug and not LauncherOnly' evaluates to false.
[341C:9EDC][2026-06-19T21:36:07]i052: Condition 'InstallAllUsers and Include_dev and not LauncherOnly' evaluates to false.
[341C:9EDC][2026-06-19T21:36:07]i052: Condition 'InstallAllUsers and Include_dev and not LauncherOnly' evaluates to false.
[341C:9EDC][2026-06-19T21:36:07]w322: Skipping cross-scope dependency registration on package: dev_AllUsers, bundle scope: PerUser, package scope: PerMachine
[341C:9EDC][2026-06-19T21:36:07]i052: Condition 'InstallAllUsers and Include_dev and Include_debug and not LauncherOnly' evaluates to false.
[341C:9EDC][2026-06-19T21:36:07]i052: Condition 'InstallAllUsers and Include_dev and Include_debug and not LauncherOnly' evaluates to false.
[341C:9EDC][2026-06-19T21:36:07]w322: Skipping cross-scope dependency registration on package: dev_AllUsers_d, bundle scope: PerUser, package scope: PerMachine
[341C:9EDC][2026-06-19T21:36:07]i052: Condition 'not InstallAllUsers and Include_dev and not LauncherOnly' evaluates to true.
[341C:9EDC][2026-06-19T21:36:07]i052: Condition 'not InstallAllUsers and Include_dev and not LauncherOnly' evaluates to true.
[341C:9EDC][2026-06-19T21:36:07]i052: Condition 'not InstallAllUsers and Include_dev and Include_debug and not LauncherOnly' evaluates to false.
[341C:9EDC][2026-06-19T21:36:07]i052: Condition 'not InstallAllUsers and Include_dev and Include_debug and not LauncherOnly' evaluates to false.
[341C:9EDC][2026-06-19T21:36:07]i052: Condition 'InstallAllUsers and Include_lib and not LauncherOnly' evaluates to false.
[341C:9EDC][2026-06-19T21:36:07]i052: Condition 'InstallAllUsers and Include_lib and not LauncherOnly' evaluates to false.
[341C:9EDC][2026-06-19T21:36:07]w322: Skipping cross-scope dependency registration on package: lib_AllUsers, bundle scope: PerUser, package scope: PerMachine
[341C:9EDC][2026-06-19T21:36:07]i052: Condition 'InstallAllUsers and Include_lib and Include_symbols and not LauncherOnly' evaluates to false.
[341C:9EDC][2026-06-19T21:36:07]i052: Condition 'InstallAllUsers and Include_lib and Include_symbols and not LauncherOnly' evaluates to false.
[341C:9EDC][2026-06-19T21:36:07]w322: Skipping cross-scope dependency registration on package: lib_AllUsers_pdb, bundle scope: PerUser, package scope: PerMachine
[341C:9EDC][2026-06-19T21:36:07]i052: Condition 'InstallAllUsers and Include_lib and Include_debug and not LauncherOnly' evaluates to false.
[341C:9EDC][2026-06-19T21:36:07]i052: Condition 'InstallAllUsers and Include_lib and Include_debug and not LauncherOnly' evaluates to false.
[341C:9EDC][2026-06-19T21:36:07]w322: Skipping cross-scope dependency registration on package: lib_AllUsers_d, bundle scope: PerUser, package scope: PerMachine
[341C:9EDC][2026-06-19T21:36:07]i052: Condition 'not InstallAllUsers and Include_lib and not LauncherOnly' evaluates to true.
[341C:9EDC][2026-06-19T21:36:07]i052: Condition 'not InstallAllUsers and Include_lib and not LauncherOnly' evaluates to true.
[341C:9EDC][2026-06-19T21:36:07]i052: Condition 'not InstallAllUsers and Include_lib and Include_symbols and not LauncherOnly' evaluates to false.
[341C:9EDC][2026-06-19T21:36:07]i052: Condition 'not InstallAllUsers and Include_lib and Include_symbols and not LauncherOnly' evaluates to false.
[341C:9EDC][2026-06-19T21:36:07]i052: Condition 'not InstallAllUsers and Include_lib and Include_debug and not LauncherOnly' evaluates to false.
[341C:9EDC][2026-06-19T21:36:07]i052: Condition 'not InstallAllUsers and Include_lib and Include_debug and not LauncherOnly' evaluates to false.
[341C:9EDC][2026-06-19T21:36:07]i052: Condition 'InstallAllUsers and Include_test and not LauncherOnly' evaluates to false.
[341C:9EDC][2026-06-19T21:36:07]i052: Condition 'InstallAllUsers and Include_test and not LauncherOnly' evaluates to false.
[341C:9EDC][2026-06-19T21:36:07]w322: Skipping cross-scope dependency registration on package: test_AllUsers, bundle scope: PerUser, package scope: PerMachine
[341C:9EDC][2026-06-19T21:36:07]i052: Condition 'InstallAllUsers and Include_test and Include_symbols and not LauncherOnly' evaluates to false.
[341C:9EDC][2026-06-19T21:36:07]i052: Condition 'InstallAllUsers and Include_test and Include_symbols and not LauncherOnly' evaluates to false.
[341C:9EDC][2026-06-19T21:36:07]w322: Skipping cross-scope dependency registration on package: test_AllUsers_pdb, bundle scope: PerUser, package scope: PerMachine
[341C:9EDC][2026-06-19T21:36:07]i052: Condition 'InstallAllUsers and Include_test and Include_debug and not LauncherOnly' evaluates to false.
[341C:9EDC][2026-06-19T21:36:07]i052: Condition 'InstallAllUsers and Include_test and Include_debug and not LauncherOnly' evaluates to false.
[341C:9EDC][2026-06-19T21:36:07]w322: Skipping cross-scope dependency registration on package: test_AllUsers_d, bundle scope: PerUser, package scope: PerMachine
[341C:9EDC][2026-06-19T21:36:07]i052: Condition 'not InstallAllUsers and Include_test and not LauncherOnly' evaluates to true.
[341C:9EDC][2026-06-19T21:36:07]i052: Condition 'not InstallAllUsers and Include_test and not LauncherOnly' evaluates to true.
[341C:9EDC][2026-06-19T21:36:07]i052: Condition 'not InstallAllUsers and Include_test and Include_symbols and not LauncherOnly' evaluates to false.
[341C:9EDC][2026-06-19T21:36:07]i052: Condition 'not InstallAllUsers and Include_test and Include_symbols and not LauncherOnly' evaluates to false.
[341C:9EDC][2026-06-19T21:36:07]i052: Condition 'not InstallAllUsers and Include_test and Include_debug and not LauncherOnly' evaluates to false.
[341C:9EDC][2026-06-19T21:36:07]i052: Condition 'not InstallAllUsers and Include_test and Include_debug and not LauncherOnly' evaluates to false.
[341C:9EDC][2026-06-19T21:36:07]i052: Condition 'InstallAllUsers and Include_doc and not LauncherOnly' evaluates to false.
[341C:9EDC][2026-06-19T21:36:07]i052: Condition 'InstallAllUsers and Include_doc and not LauncherOnly' evaluates to false.
[341C:9EDC][2026-06-19T21:36:07]i204: Plan 2 msi features for package: doc_AllUsers
[341C:9EDC][2026-06-19T21:36:07]i203: Planned feature: DefaultFeature, state: Absent, default requested: Unknown, ba requested: Local, execute action: AddLocal, rollback action: Remove
[341C:9EDC][2026-06-19T21:36:07]i203: Planned feature: Shortcuts, state: Absent, default requested: Unknown, ba requested: Local, execute action: AddLocal, rollback action: Remove
[341C:9EDC][2026-06-19T21:36:07]w322: Skipping cross-scope dependency registration on package: doc_AllUsers, bundle scope: PerUser, package scope: PerMachine
[341C:9EDC][2026-06-19T21:36:07]i052: Condition 'not InstallAllUsers and Include_doc and not LauncherOnly' evaluates to true.
[341C:9EDC][2026-06-19T21:36:07]i052: Condition 'not InstallAllUsers and Include_doc and not LauncherOnly' evaluates to true.
[341C:9EDC][2026-06-19T21:36:07]i204: Plan 2 msi features for package: doc_JustForMe
[341C:9EDC][2026-06-19T21:36:07]i203: Planned feature: DefaultFeature, state: Local, default requested: Unknown, ba requested: Local, execute action: None, rollback action: None
[341C:9EDC][2026-06-19T21:36:07]i203: Planned feature: Shortcuts, state: Local, default requested: Unknown, ba requested: Local, execute action: None, rollback action: None
[341C:9EDC][2026-06-19T21:36:07]i052: Condition 'InstallAllUsers and Include_tcltk and not LauncherOnly' evaluates to false.
[341C:9EDC][2026-06-19T21:36:07]i052: Condition 'InstallAllUsers and Include_tcltk and not LauncherOnly' evaluates to false.
[341C:9EDC][2026-06-19T21:36:07]i204: Plan 3 msi features for package: tcltk_AllUsers
[341C:9EDC][2026-06-19T21:36:07]i203: Planned feature: DefaultFeature, state: Absent, default requested: Unknown, ba requested: Local, execute action: AddLocal, rollback action: Remove
[341C:9EDC][2026-06-19T21:36:07]i203: Planned feature: AssociateFiles, state: Absent, default requested: Unknown, ba requested: Local, execute action: AddLocal, rollback action: Remove
[341C:9EDC][2026-06-19T21:36:07]i203: Planned feature: Shortcuts, state: Absent, default requested: Unknown, ba requested: Local, execute action: AddLocal, rollback action: Remove
[341C:9EDC][2026-06-19T21:36:07]w322: Skipping cross-scope dependency registration on package: tcltk_AllUsers, bundle scope: PerUser, package scope: PerMachine
[341C:9EDC][2026-06-19T21:36:07]i052: Condition 'InstallAllUsers and Include_tcltk and Include_symbols and not LauncherOnly' evaluates to false.
[341C:9EDC][2026-06-19T21:36:07]i052: Condition 'InstallAllUsers and Include_tcltk and Include_symbols and not LauncherOnly' evaluates to false.
[341C:9EDC][2026-06-19T21:36:07]i204: Plan 1 msi features for package: tcltk_AllUsers_pdb
[341C:9EDC][2026-06-19T21:36:07]i203: Planned feature: Symbols, state: Absent, default requested: Unknown, ba requested: Local, execute action: AddLocal, rollback action: Remove
[341C:9EDC][2026-06-19T21:36:07]w322: Skipping cross-scope dependency registration on package: tcltk_AllUsers_pdb, bundle scope: PerUser, package scope: PerMachine
[341C:9EDC][2026-06-19T21:36:07]i052: Condition 'InstallAllUsers and Include_tcltk and Include_debug and not LauncherOnly' evaluates to false.
[341C:9EDC][2026-06-19T21:36:07]i052: Condition 'InstallAllUsers and Include_tcltk and Include_debug and not LauncherOnly' evaluates to false.
[341C:9EDC][2026-06-19T21:36:07]i204: Plan 1 msi features for package: tcltk_AllUsers_d
[341C:9EDC][2026-06-19T21:36:07]i203: Planned feature: DebugBinaries, state: Absent, default requested: Unknown, ba requested: Local, execute action: AddLocal, rollback action: Remove
[341C:9EDC][2026-06-19T21:36:07]w322: Skipping cross-scope dependency registration on package: tcltk_AllUsers_d, bundle scope: PerUser, package scope: PerMachine
[341C:9EDC][2026-06-19T21:36:07]i052: Condition 'not InstallAllUsers and Include_tcltk and not LauncherOnly' evaluates to true.
[341C:9EDC][2026-06-19T21:36:07]i052: Condition 'not InstallAllUsers and Include_tcltk and not LauncherOnly' evaluates to true.
[341C:9EDC][2026-06-19T21:36:07]i204: Plan 3 msi features for package: tcltk_JustForMe
[341C:9EDC][2026-06-19T21:36:07]i203: Planned feature: DefaultFeature, state: Local, default requested: Unknown, ba requested: Local, execute action: None, rollback action: None
[341C:9EDC][2026-06-19T21:36:07]i203: Planned feature: AssociateFiles, state: Local, default requested: Unknown, ba requested: Local, execute action: None, rollback action: None
[341C:9EDC][2026-06-19T21:36:07]i203: Planned feature: Shortcuts, state: Local, default requested: Unknown, ba requested: Local, execute action: None, rollback action: None
[341C:9EDC][2026-06-19T21:36:07]i052: Condition 'not InstallAllUsers and Include_tcltk and Include_symbols and not LauncherOnly' evaluates to false.
[341C:9EDC][2026-06-19T21:36:07]i052: Condition 'not InstallAllUsers and Include_tcltk and Include_symbols and not LauncherOnly' evaluates to false.
[341C:9EDC][2026-06-19T21:36:07]i204: Plan 1 msi features for package: tcltk_JustForMe_pdb
[341C:9EDC][2026-06-19T21:36:07]i203: Planned feature: Symbols, state: Absent, default requested: Unknown, ba requested: Local, execute action: AddLocal, rollback action: Remove
[341C:9EDC][2026-06-19T21:36:07]i052: Condition 'not InstallAllUsers and Include_tcltk and Include_debug and not LauncherOnly' evaluates to false.
[341C:9EDC][2026-06-19T21:36:07]i052: Condition 'not InstallAllUsers and Include_tcltk and Include_debug and not LauncherOnly' evaluates to false.
[341C:9EDC][2026-06-19T21:36:07]i204: Plan 1 msi features for package: tcltk_JustForMe_d
[341C:9EDC][2026-06-19T21:36:07]i203: Planned feature: DebugBinaries, state: Absent, default requested: Unknown, ba requested: Local, execute action: AddLocal, rollback action: Remove
[341C:9EDC][2026-06-19T21:36:07]i052: Condition '(InstallAllUsers or InstallLauncherAllUsers) and Include_launcher and not BlockedLauncher' evaluates to false.
[341C:9EDC][2026-06-19T21:36:07]w322: Skipping cross-scope dependency registration on package: launcher_AllUsers, bundle scope: PerUser, package scope: PerMachine
[341C:9EDC][2026-06-19T21:36:07]i052: Condition 'not (InstallAllUsers or InstallLauncherAllUsers) and Include_launcher and not BlockedLauncher' evaluates to false.
[341C:9EDC][2026-06-19T21:36:07]i052: Condition 'InstallAllUsers and Include_pip and not LauncherOnly' evaluates to false.
[341C:9EDC][2026-06-19T21:36:07]i052: Condition 'InstallAllUsers and Include_pip and not LauncherOnly' evaluates to false.
[341C:9EDC][2026-06-19T21:36:07]w322: Skipping cross-scope dependency registration on package: pip_AllUsers, bundle scope: PerUser, package scope: PerMachine
[341C:9EDC][2026-06-19T21:36:07]i052: Condition 'not InstallAllUsers and Include_pip and not LauncherOnly' evaluates to true.
[341C:9EDC][2026-06-19T21:36:07]i052: Condition 'not InstallAllUsers and Include_pip and not LauncherOnly' evaluates to true.
[341C:9EDC][2026-06-19T21:36:07]i052: Condition 'InstallAllUsers and PrependPath and not LauncherOnly' evaluates to false.
[341C:9EDC][2026-06-19T21:36:07]i052: Condition 'InstallAllUsers and PrependPath and not LauncherOnly' evaluates to false.
[341C:9EDC][2026-06-19T21:36:07]w322: Skipping cross-scope dependency registration on package: path_AllUsers, bundle scope: PerUser, package scope: PerMachine
[341C:9EDC][2026-06-19T21:36:07]i052: Condition 'not InstallAllUsers and PrependPath and not LauncherOnly' evaluates to true.
[341C:9EDC][2026-06-19T21:36:07]i052: Condition 'not InstallAllUsers and PrependPath and not LauncherOnly' evaluates to true.
[341C:9EDC][2026-06-19T21:36:07]i052: Condition 'InstallAllUsers and AppendPath and not LauncherOnly' evaluates to false.
[341C:9EDC][2026-06-19T21:36:07]i052: Condition 'InstallAllUsers and AppendPath and not LauncherOnly' evaluates to false.
[341C:9EDC][2026-06-19T21:36:07]w322: Skipping cross-scope dependency registration on package: appendpath_AllUsers, bundle scope: PerUser, package scope: PerMachine
[341C:9EDC][2026-06-19T21:36:07]i052: Condition 'not InstallAllUsers and AppendPath and not LauncherOnly' evaluates to false.
[341C:9EDC][2026-06-19T21:36:07]i052: Condition 'not InstallAllUsers and AppendPath and not LauncherOnly' evaluates to false.
[341C:9EDC][2026-06-19T21:36:07]i052: Condition 'InstallAllUsers and CompileAll and not LauncherOnly' evaluates to false.
[341C:9EDC][2026-06-19T21:36:07]i052: Condition 'InstallAllUsers and CompileAll and not LauncherOnly' evaluates to false.
[341C:9EDC][2026-06-19T21:36:07]w321: Skipping dependency registration on package with no dependency providers: compileall_AllUsers
[341C:9EDC][2026-06-19T21:36:07]i052: Condition 'InstallAllUsers and CompileAll and not LauncherOnly' evaluates to false.
[341C:9EDC][2026-06-19T21:36:07]i052: Condition 'InstallAllUsers and CompileAll and not LauncherOnly' evaluates to false.
[341C:9EDC][2026-06-19T21:36:07]w321: Skipping dependency registration on package with no dependency providers: compileallO_AllUsers
[341C:9EDC][2026-06-19T21:36:07]i052: Condition 'InstallAllUsers and CompileAll and not LauncherOnly' evaluates to false.
[341C:9EDC][2026-06-19T21:36:07]i052: Condition 'InstallAllUsers and CompileAll and not LauncherOnly' evaluates to false.
[341C:9EDC][2026-06-19T21:36:07]w321: Skipping dependency registration on package with no dependency providers: compileallOO_AllUsers
[341C:9EDC][2026-06-19T21:36:07]i052: Condition 'not InstallAllUsers and CompileAll and not LauncherOnly' evaluates to false.
[341C:9EDC][2026-06-19T21:36:07]i052: Condition 'not InstallAllUsers and CompileAll and not LauncherOnly' evaluates to false.
[341C:9EDC][2026-06-19T21:36:07]w321: Skipping dependency registration on package with no dependency providers: compileall_JustForMe
[341C:9EDC][2026-06-19T21:36:07]i052: Condition 'not InstallAllUsers and CompileAll and not LauncherOnly' evaluates to false.
[341C:9EDC][2026-06-19T21:36:07]i052: Condition 'not InstallAllUsers and CompileAll and not LauncherOnly' evaluates to false.
[341C:9EDC][2026-06-19T21:36:07]w321: Skipping dependency registration on package with no dependency providers: compileallO_JustForMe
[341C:9EDC][2026-06-19T21:36:07]i052: Condition 'not InstallAllUsers and CompileAll and not LauncherOnly' evaluates to false.
[341C:9EDC][2026-06-19T21:36:07]i052: Condition 'not InstallAllUsers and CompileAll and not LauncherOnly' evaluates to false.
[341C:9EDC][2026-06-19T21:36:07]w321: Skipping dependency registration on package with no dependency providers: compileallOO_JustForMe
[341C:9EDC][2026-06-19T21:36:07]i201: Planned package: ucrt_AllUsers, state: Absent, default requested: Absent, ba requested: Absent, execute: None, rollback: None, cache: No, uncache: No, dependency: None
[341C:9EDC][2026-06-19T21:36:07]i201: Planned package: ucrt_JustForMe, state: Absent, default requested: Absent, ba requested: Absent, execute: None, rollback: None, cache: No, uncache: No, dependency: None
[341C:9EDC][2026-06-19T21:36:07]i201: Planned package: core_AllUsers, state: Absent, default requested: Absent, ba requested: Absent, execute: None, rollback: None, cache: No, uncache: No, dependency: None
[341C:9EDC][2026-06-19T21:36:07]i201: Planned package: core_AllUsers_pdb, state: Absent, default requested: Absent, ba requested: Absent, execute: None, rollback: None, cache: No, uncache: No, dependency: None
[341C:9EDC][2026-06-19T21:36:07]i201: Planned package: core_AllUsers_d, state: Absent, default requested: Absent, ba requested: Absent, execute: None, rollback: None, cache: No, uncache: No, dependency: None
[341C:9EDC][2026-06-19T21:36:07]i201: Planned package: core_JustForMe, state: Present, default requested: Present, ba requested: Present, execute: None, rollback: None, cache: No, uncache: No, dependency: Register
[341C:9EDC][2026-06-19T21:36:07]i201: Planned package: core_JustForMe_pdb, state: Absent, default requested: Absent, ba requested: Absent, execute: None, rollback: None, cache: No, uncache: No, dependency: None
[341C:9EDC][2026-06-19T21:36:07]i201: Planned package: core_JustForMe_d, state: Absent, default requested: Absent, ba requested: Absent, execute: None, rollback: None, cache: No, uncache: No, dependency: None
[341C:9EDC][2026-06-19T21:36:07]i201: Planned package: exe_AllUsers, state: Absent, default requested: Absent, ba requested: Absent, execute: None, rollback: None, cache: No, uncache: No, dependency: None
[341C:9EDC][2026-06-19T21:36:07]i201: Planned package: exe_AllUsers_pdb, state: Absent, default requested: Absent, ba requested: Absent, execute: None, rollback: None, cache: No, uncache: No, dependency: None
[341C:9EDC][2026-06-19T21:36:07]i201: Planned package: exe_AllUsers_d, state: Absent, default requested: Absent, ba requested: Absent, execute: None, rollback: None, cache: No, uncache: No, dependency: None
[341C:9EDC][2026-06-19T21:36:07]i201: Planned package: exe_JustForMe, state: Present, default requested: Present, ba requested: Present, execute: None, rollback: None, cache: No, uncache: No, dependency: Register
[341C:9EDC][2026-06-19T21:36:07]i201: Planned package: exe_JustForMe_pdb, state: Absent, default requested: Absent, ba requested: Absent, execute: None, rollback: None, cache: No, uncache: No, dependency: None
[341C:9EDC][2026-06-19T21:36:07]i201: Planned package: exe_JustForMe_d, state: Absent, default requested: Absent, ba requested: Absent, execute: None, rollback: None, cache: No, uncache: No, dependency: None
[341C:9EDC][2026-06-19T21:36:07]i201: Planned package: dev_AllUsers, state: Absent, default requested: Absent, ba requested: Absent, execute: None, rollback: None, cache: No, uncache: No, dependency: None
[341C:9EDC][2026-06-19T21:36:07]i201: Planned package: dev_AllUsers_d, state: Absent, default requested: Absent, ba requested: Absent, execute: None, rollback: None, cache: No, uncache: No, dependency: None
[341C:9EDC][2026-06-19T21:36:07]i201: Planned package: dev_JustForMe, state: Present, default requested: Present, ba requested: Present, execute: None, rollback: None, cache: No, uncache: No, dependency: Register
[341C:9EDC][2026-06-19T21:36:07]i201: Planned package: dev_JustForMe_d, state: Absent, default requested: Absent, ba requested: Absent, execute: None, rollback: None, cache: No, uncache: No, dependency: None
[341C:9EDC][2026-06-19T21:36:07]i201: Planned package: lib_AllUsers, state: Absent, default requested: Absent, ba requested: Absent, execute: None, rollback: None, cache: No, uncache: No, dependency: None
[341C:9EDC][2026-06-19T21:36:07]i201: Planned package: lib_AllUsers_pdb, state: Absent, default requested: Absent, ba requested: Absent, execute: None, rollback: None, cache: No, uncache: No, dependency: None
[341C:9EDC][2026-06-19T21:36:07]i201: Planned package: lib_AllUsers_d, state: Absent, default requested: Absent, ba requested: Absent, execute: None, rollback: None, cache: No, uncache: No, dependency: None
[341C:9EDC][2026-06-19T21:36:07]i201: Planned package: lib_JustForMe, state: Present, default requested: Present, ba requested: Present, execute: None, rollback: None, cache: No, uncache: No, dependency: Register
[341C:9EDC][2026-06-19T21:36:07]i201: Planned package: lib_JustForMe_pdb, state: Absent, default requested: Absent, ba requested: Absent, execute: None, rollback: None, cache: No, uncache: No, dependency: None
[341C:9EDC][2026-06-19T21:36:07]i201: Planned package: lib_JustForMe_d, state: Absent, default requested: Absent, ba requested: Absent, execute: None, rollback: None, cache: No, uncache: No, dependency: None
[341C:9EDC][2026-06-19T21:36:07]i201: Planned package: test_AllUsers, state: Absent, default requested: Absent, ba requested: Absent, execute: None, rollback: None, cache: No, uncache: No, dependency: None
[341C:9EDC][2026-06-19T21:36:07]i201: Planned package: test_AllUsers_pdb, state: Absent, default requested: Absent, ba requested: Absent, execute: None, rollback: None, cache: No, uncache: No, dependency: None
[341C:9EDC][2026-06-19T21:36:07]i201: Planned package: test_AllUsers_d, state: Absent, default requested: Absent, ba requested: Absent, execute: None, rollback: None, cache: No, uncache: No, dependency: None
[341C:9EDC][2026-06-19T21:36:07]i201: Planned package: test_JustForMe, state: Present, default requested: Present, ba requested: Present, execute: None, rollback: None, cache: No, uncache: No, dependency: Register
[341C:9EDC][2026-06-19T21:36:07]i201: Planned package: test_JustForMe_pdb, state: Absent, default requested: Absent, ba requested: Absent, execute: None, rollback: None, cache: No, uncache: No, dependency: None
[341C:9EDC][2026-06-19T21:36:07]i201: Planned package: test_JustForMe_d, state: Absent, default requested: Absent, ba requested: Absent, execute: None, rollback: None, cache: No, uncache: No, dependency: None
[341C:9EDC][2026-06-19T21:36:07]i201: Planned package: doc_AllUsers, state: Absent, default requested: Absent, ba requested: Absent, execute: None, rollback: None, cache: No, uncache: No, dependency: None
[341C:9EDC][2026-06-19T21:36:07]i201: Planned package: doc_JustForMe, state: Present, default requested: Present, ba requested: Present, execute: None, rollback: None, cache: No, uncache: No, dependency: Register
[341C:9EDC][2026-06-19T21:36:07]i201: Planned package: tcltk_AllUsers, state: Absent, default requested: Absent, ba requested: Absent, execute: None, rollback: None, cache: No, uncache: No, dependency: None
[341C:9EDC][2026-06-19T21:36:07]i201: Planned package: tcltk_AllUsers_pdb, state: Absent, default requested: Absent, ba requested: Absent, execute: None, rollback: None, cache: No, uncache: No, dependency: None
[341C:9EDC][2026-06-19T21:36:07]i201: Planned package: tcltk_AllUsers_d, state: Absent, default requested: Absent, ba requested: Absent, execute: None, rollback: None, cache: No, uncache: No, dependency: None
[341C:9EDC][2026-06-19T21:36:07]i201: Planned package: tcltk_JustForMe, state: Present, default requested: Present, ba requested: Present, execute: None, rollback: None, cache: No, uncache: No, dependency: Register
[341C:9EDC][2026-06-19T21:36:07]i201: Planned package: tcltk_JustForMe_pdb, state: Absent, default requested: Absent, ba requested: Absent, execute: None, rollback: None, cache: No, uncache: No, dependency: None
[341C:9EDC][2026-06-19T21:36:07]i201: Planned package: tcltk_JustForMe_d, state: Absent, default requested: Absent, ba requested: Absent, execute: None, rollback: None, cache: No, uncache: No, dependency: None
[341C:9EDC][2026-06-19T21:36:07]i201: Planned package: launcher_AllUsers, state: Obsolete, default requested: None, ba requested: None, execute: None, rollback: None, cache: No, uncache: No, dependency: None
[341C:9EDC][2026-06-19T21:36:07]i201: Planned package: launcher_JustForMe, state: Obsolete, default requested: None, ba requested: None, execute: None, rollback: None, cache: No, uncache: No, dependency: None
[341C:9EDC][2026-06-19T21:36:07]i201: Planned package: pip_AllUsers, state: Absent, default requested: Absent, ba requested: Absent, execute: None, rollback: None, cache: No, uncache: No, dependency: None
[341C:9EDC][2026-06-19T21:36:07]i201: Planned package: pip_JustForMe, state: Present, default requested: Present, ba requested: Present, execute: None, rollback: None, cache: No, uncache: No, dependency: Register
[341C:9EDC][2026-06-19T21:36:07]i201: Planned package: path_AllUsers, state: Absent, default requested: Absent, ba requested: Absent, execute: None, rollback: None, cache: No, uncache: No, dependency: None
[341C:9EDC][2026-06-19T21:36:07]i201: Planned package: path_JustForMe, state: Present, default requested: Present, ba requested: Present, execute: None, rollback: None, cache: No, uncache: No, dependency: Register
[341C:9EDC][2026-06-19T21:36:07]i201: Planned package: appendpath_AllUsers, state: Absent, default requested: Absent, ba requested: Absent, execute: None, rollback: None, cache: No, uncache: No, dependency: None
[341C:9EDC][2026-06-19T21:36:07]i201: Planned package: appendpath_JustForMe, state: Absent, default requested: Absent, ba requested: Absent, execute: None, rollback: None, cache: No, uncache: No, dependency: None
[341C:9EDC][2026-06-19T21:36:07]i201: Planned package: compileall_AllUsers, state: Absent, default requested: Absent, ba requested: Absent, execute: None, rollback: None, cache: No, uncache: No, dependency: None
[341C:9EDC][2026-06-19T21:36:07]i201: Planned package: compileallO_AllUsers, state: Absent, default requested: Absent, ba requested: Absent, execute: None, rollback: None, cache: No, uncache: No, dependency: None
[341C:9EDC][2026-06-19T21:36:07]i201: Planned package: compileallOO_AllUsers, state: Absent, default requested: Absent, ba requested: Absent, execute: None, rollback: None, cache: No, uncache: No, dependency: None
[341C:9EDC][2026-06-19T21:36:07]i201: Planned package: compileall_JustForMe, state: Absent, default requested: Absent, ba requested: Absent, execute: None, rollback: None, cache: No, uncache: No, dependency: None
[341C:9EDC][2026-06-19T21:36:07]i201: Planned package: compileallO_JustForMe, state: Absent, default requested: Absent, ba requested: Absent, execute: None, rollback: None, cache: No, uncache: No, dependency: None
[341C:9EDC][2026-06-19T21:36:07]i201: Planned package: compileallOO_JustForMe, state: Absent, default requested: Absent, ba requested: Absent, execute: None, rollback: None, cache: No, uncache: No, dependency: None
[341C:9EDC][2026-06-19T21:36:07]i299: Plan complete, result: 0x0
[341C:9EDC][2026-06-19T21:36:07]i300: Apply begin
[341C:9EDC][2026-06-19T21:36:07]i371: Updating session, registration key: SOFTWARE\Microsoft\Windows\CurrentVersion\Uninstall\{b6ce88eb-2ce3-4d91-8efc-425ae1f48caf}, resume: Active, restart initiated: No, disable resume: No
[341C:9EDC][2026-06-19T21:36:07]i323: Registering package dependency provider: {9D09C9EF-A57C-422A-B79A-CC922079653A}, version: 3.12.10150.0, package: core_JustForMe
[341C:9EDC][2026-06-19T21:36:07]i325: Registering dependency: {b6ce88eb-2ce3-4d91-8efc-425ae1f48caf} on package provider: {9D09C9EF-A57C-422A-B79A-CC922079653A}, package: core_JustForMe
[341C:9EDC][2026-06-19T21:36:07]i323: Registering package dependency provider: {0158093D-F809-455B-9429-6D16A4B5D118}, version: 3.12.10150.0, package: exe_JustForMe
[341C:9EDC][2026-06-19T21:36:07]i325: Registering dependency: {b6ce88eb-2ce3-4d91-8efc-425ae1f48caf} on package provider: {0158093D-F809-455B-9429-6D16A4B5D118}, package: exe_JustForMe
[341C:9EDC][2026-06-19T21:36:07]i323: Registering package dependency provider: {EF4A3D60-9A53-4697-A18D-D3353F8554E6}, version: 3.12.10150.0, package: dev_JustForMe
[341C:9EDC][2026-06-19T21:36:07]i325: Registering dependency: {b6ce88eb-2ce3-4d91-8efc-425ae1f48caf} on package provider: {EF4A3D60-9A53-4697-A18D-D3353F8554E6}, package: dev_JustForMe
[341C:9EDC][2026-06-19T21:36:07]i323: Registering package dependency provider: {DE12B597-D4BF-4B1B-BF5F-C5CE41AFBDFC}, version: 3.12.10150.0, package: lib_JustForMe
[341C:9EDC][2026-06-19T21:36:07]i325: Registering dependency: {b6ce88eb-2ce3-4d91-8efc-425ae1f48caf} on package provider: {DE12B597-D4BF-4B1B-BF5F-C5CE41AFBDFC}, package: lib_JustForMe
[341C:9EDC][2026-06-19T21:36:07]i323: Registering package dependency provider: {01F171AF-1F21-435E-BEE4-FCC4360C896C}, version: 3.12.10150.0, package: test_JustForMe
[341C:9EDC][2026-06-19T21:36:07]i325: Registering dependency: {b6ce88eb-2ce3-4d91-8efc-425ae1f48caf} on package provider: {01F171AF-1F21-435E-BEE4-FCC4360C896C}, package: test_JustForMe
[341C:9EDC][2026-06-19T21:36:07]i323: Registering package dependency provider: {18DF3488-2245-432B-A023-3AA05C2A00C8}, version: 3.12.10150.0, package: doc_JustForMe
[341C:9EDC][2026-06-19T21:36:07]i325: Registering dependency: {b6ce88eb-2ce3-4d91-8efc-425ae1f48caf} on package provider: {18DF3488-2245-432B-A023-3AA05C2A00C8}, package: doc_JustForMe
[341C:9EDC][2026-06-19T21:36:07]i323: Registering package dependency provider: {75485683-EF03-41E6-BF21-D1491694548C}, version: 3.12.10150.0, package: tcltk_JustForMe
[341C:9EDC][2026-06-19T21:36:07]i325: Registering dependency: {b6ce88eb-2ce3-4d91-8efc-425ae1f48caf} on package provider: {75485683-EF03-41E6-BF21-D1491694548C}, package: tcltk_JustForMe
[341C:9EDC][2026-06-19T21:36:07]i323: Registering package dependency provider: {CD0A1663-DC2D-41BD-89AF-E1089E841822}, version: 3.12.10150.0, package: pip_JustForMe
[341C:9EDC][2026-06-19T21:36:07]i325: Registering dependency: {b6ce88eb-2ce3-4d91-8efc-425ae1f48caf} on package provider: {CD0A1663-DC2D-41BD-89AF-E1089E841822}, package: pip_JustForMe
[341C:9EDC][2026-06-19T21:36:07]i323: Registering package dependency provider: {4A285122-D2B5-4C35-A279-CE9BD2CA15A0}, version: 3.12.10150.0, package: path_JustForMe
[341C:9EDC][2026-06-19T21:36:07]i325: Registering dependency: {b6ce88eb-2ce3-4d91-8efc-425ae1f48caf} on package provider: {4A285122-D2B5-4C35-A279-CE9BD2CA15A0}, package: path_JustForMe
[341C:9EDC][2026-06-19T21:36:07]i372: Session end, registration key: SOFTWARE\Microsoft\Windows\CurrentVersion\Uninstall\{b6ce88eb-2ce3-4d91-8efc-425ae1f48caf}, resume: ARP, restart: None, disable resume: No
[341C:9EDC][2026-06-19T21:36:07]i371: Updating session, registration key: SOFTWARE\Microsoft\Windows\CurrentVersion\Uninstall\{b6ce88eb-2ce3-4d91-8efc-425ae1f48caf}, resume: ARP, restart initiated: No, disable resume: No
[341C:9EDC][2026-06-19T21:36:07]i399: Apply complete, result: 0x0, restart: None, ba requested restart:  No
[341C:9EDC][2026-06-19T21:36:07]i500: Shutting down, exit code: 0x0
[341C:9EDC][2026-06-19T21:36:07]i410: Variable: ActionLikeInstallation = Modify
[341C:9EDC][2026-06-19T21:36:07]i410: Variable: ActionLikeInstalling = Updating
[341C:9EDC][2026-06-19T21:36:07]i410: Variable: AppendPath = 0
[341C:9EDC][2026-06-19T21:36:07]i410: Variable: AssociateFiles = -1
[341C:9EDC][2026-06-19T21:36:07]i410: Variable: BlockedLauncher = 1
[341C:9EDC][2026-06-19T21:36:07]i410: Variable: CompileAll = 0
[341C:9EDC][2026-06-19T21:36:07]i410: Variable: CRTInstalled = 1
[341C:9EDC][2026-06-19T21:36:07]i410: Variable: CustomBrowseButtonState = enabled
[341C:9EDC][2026-06-19T21:36:07]i410: Variable: CustomInstallLauncherAllUsersState = disable
[341C:9EDC][2026-06-19T21:36:07]i410: Variable: DefaultAllUsersTargetDir = C:\Program Files\Python312
[341C:9EDC][2026-06-19T21:36:07]i410: Variable: DefaultCustomTargetDir = 
[341C:9EDC][2026-06-19T21:36:07]i410: Variable: DefaultJustForMeTargetDir = C:\Users\MATT\AppData\Local\Programs\Python\Python312
[341C:9EDC][2026-06-19T21:36:07]i410: Variable: DetectedLauncher = 1
[341C:9EDC][2026-06-19T21:36:07]i410: Variable: DetectedOldLauncher = 0
[341C:9EDC][2026-06-19T21:36:07]i410: Variable: Include_core = 1
[341C:9EDC][2026-06-19T21:36:07]i410: Variable: Include_debug = 0
[341C:9EDC][2026-06-19T21:36:07]i410: Variable: Include_dev = 1
[341C:9EDC][2026-06-19T21:36:07]i410: Variable: Include_doc = 1
[341C:9EDC][2026-06-19T21:36:07]i410: Variable: Include_exe = 1
[341C:9EDC][2026-06-19T21:36:07]i410: Variable: Include_launcher = 0
[341C:9EDC][2026-06-19T21:36:07]i410: Variable: Include_launcherState = disable
[341C:9EDC][2026-06-19T21:36:07]i410: Variable: Include_lib = 1
[341C:9EDC][2026-06-19T21:36:07]i410: Variable: Include_pip = 1
[341C:9EDC][2026-06-19T21:36:07]i410: Variable: Include_symbols = 0
[341C:9EDC][2026-06-19T21:36:07]i410: Variable: Include_tcltk = 1
[341C:9EDC][2026-06-19T21:36:07]i410: Variable: Include_test = 1
[341C:9EDC][2026-06-19T21:36:07]i410: Variable: Include_tools = 0
[341C:9EDC][2026-06-19T21:36:07]i410: Variable: InstallAllUsers = 0
[341C:9EDC][2026-06-19T21:36:07]i410: Variable: InstallAllUsersState = disable
[341C:9EDC][2026-06-19T21:36:07]i410: Variable: InstallLauncherAllUsers = 0
[341C:9EDC][2026-06-19T21:36:07]i410: Variable: InstallLauncherAllUsersState = disable
[341C:9EDC][2026-06-19T21:36:07]i410: Variable: LauncherOnly = 0
[341C:9EDC][2026-06-19T21:36:07]i410: Variable: LocalAppDataFolder = C:\Users\MATT\AppData\Local\
[341C:9EDC][2026-06-19T21:36:07]i410: Variable: OptionalFeaturesRegistryKey = Software\Python\PythonCore\3.12\InstalledFeatures
[341C:9EDC][2026-06-19T21:36:07]i410: Variable: PrependPath = 1
[341C:9EDC][2026-06-19T21:36:07]i410: Variable: ProgramFiles64Folder = C:\Program Files\
[341C:9EDC][2026-06-19T21:36:07]i410: Variable: Shortcuts = 1
[341C:9EDC][2026-06-19T21:36:07]i410: Variable: ShortVersion = 3.12
[341C:9EDC][2026-06-19T21:36:07]i410: Variable: ShortVersionNoDot = 312
[341C:9EDC][2026-06-19T21:36:07]i410: Variable: SimpleInstall = 0
[341C:9EDC][2026-06-19T21:36:07]i410: Variable: SimpleInstallDescription = 
[341C:9EDC][2026-06-19T21:36:07]i410: Variable: TargetDir = C:\Users\MATT\AppData\Local\Programs\Python\Python312\
[341C:9EDC][2026-06-19T21:36:07]i410: Variable: TargetDirRegistryKey = Software\Python\PythonCore\3.12\InstallPath
[341C:9EDC][2026-06-19T21:36:07]i410: Variable: TargetDirState = enabled
[341C:9EDC][2026-06-19T21:36:07]i410: Variable: TargetPlatform = x64
[341C:9EDC][2026-06-19T21:36:07]i410: Variable: WinVer = 3.12
[341C:9EDC][2026-06-19T21:36:07]i410: Variable: WinVerNoDot = 312
[341C:9EDC][2026-06-19T21:36:07]i410: Variable: WixBundleAction = 6
[341C:9EDC][2026-06-19T21:36:07]i410: Variable: WixBundleElevated = 0
[341C:9EDC][2026-06-19T21:36:07]i410: Variable: WixBundleFileVersion = 3.12.10150.0
[341C:9EDC][2026-06-19T21:36:07]i410: Variable: WixBundleInstalled = 1
[341C:9EDC][2026-06-19T21:36:07]i410: Variable: WixBundleLog = C:\Users\MATT\Desktop\Mingle\iMile\%TEMP%\python-install.log
[341C:9EDC][2026-06-19T21:36:07]i410: Variable: WixBundleManufacturer = Python Software Foundation
[341C:9EDC][2026-06-19T21:36:07]i410: Variable: WixBundleName = Python 3.12.10 (64-bit)
[341C:9EDC][2026-06-19T21:36:07]i410: Variable: WixBundleOriginalSource = C:\Users\MATT\AppData\Local\Temp\python-3.12.10-amd64.exe
[341C:9EDC][2026-06-19T21:36:07]i410: Variable: WixBundleOriginalSourceFolder = C:\Users\MATT\AppData\Local\Temp\
[341C:9EDC][2026-06-19T21:36:07]i410: Variable: WixBundleProviderKey = CPython-3.12
[341C:9EDC][2026-06-19T21:36:07]i410: Variable: WixBundleSourceProcessFolder = C:\Users\MATT\AppData\Local\Temp\
[341C:9EDC][2026-06-19T21:36:07]i410: Variable: WixBundleSourceProcessPath = C:\Users\MATT\AppData\Local\Temp\python-3.12.10-amd64.exe
[341C:9EDC][2026-06-19T21:36:07]i410: Variable: WixBundleTag = 
[341C:9EDC][2026-06-19T21:36:07]i410: Variable: WixBundleUILevel = 2
[341C:9EDC][2026-06-19T21:36:07]i410: Variable: WixBundleVersion = 3.12.10150.0
[341C:9EDC][2026-06-19T21:36:07]i007: Exit code: 0x0, restarting: No
